// Vitest Snapshot v1, https://vitest.dev/guide/snapshot.html

exports[`getActionCenter > snapshot: stable mock API payload (JSON-serializable) 1`] = `
{
  "data": {
    "items": [
      {
        "actionType": "resolve_claim_issue",
        "billableInstanceId": "mock-bill-labs",
        "description": "MOCK-SUB-002 / Screening / LABS has $0 missing and requires review before invoicing.",
        "eventLogId": "mock-evt-labs",
        "expectedAmount": 200,
        "id": "MOCK-STUDY-1::MOCK-SUB-002::Screening::LABS::requires_review",
        "invoicedAmount": 200,
        "leakageReason": "requires_review",
        "leakageStatus": "not_invoice_ready",
        "lineCode": "LABS",
        "missingAmount": 0,
        "ownerRole": "site_manager",
        "priority": "high",
        "sponsorId": "MOCK-SPONSOR-1",
        "status": "open",
        "studyId": "MOCK-STUDY-1",
        "subjectId": "MOCK-SUB-002",
        "title": "Resolve claim issue for LABS on Screening",
        "visitName": "Screening",
      },
      {
        "actionType": "prepare_invoice",
        "billableInstanceId": "mock-bill-cbc",
        "description": "MOCK-SUB-001 / Visit 2 / CBC has $60 missing because it was only partially invoiced.",
        "eventLogId": "mock-evt-cbc",
        "expectedAmount": 100,
        "id": "MOCK-STUDY-1::MOCK-SUB-001::Visit 2::CBC::partially_invoiced",
        "invoicedAmount": 40,
        "leakageReason": "partially_invoiced",
        "leakageStatus": "partial",
        "lineCode": "CBC",
        "missingAmount": 60,
        "ownerRole": "billing",
        "priority": "low",
        "sponsorId": "MOCK-SPONSOR-1",
        "status": "open",
        "studyId": "MOCK-STUDY-1",
        "subjectId": "MOCK-SUB-001",
        "title": "Prepare invoice for CBC on Visit 2",
        "visitName": "Visit 2",
      },
      {
        "actionType": "prepare_invoice",
        "description": "MOCK-SUB-001 / Visit 3 / ECG has $120 missing because it was not invoiced.",
        "eventLogId": "mock-evt-ecg",
        "expectedAmount": 120,
        "id": "MOCK-STUDY-1::MOCK-SUB-001::Visit 3::ECG::not_invoiced",
        "invoicedAmount": 0,
        "leakageReason": "not_invoiced",
        "leakageStatus": "missing",
        "lineCode": "ECG",
        "missingAmount": 120,
        "ownerRole": "billing",
        "priority": "low",
        "sponsorId": "MOCK-SPONSOR-1",
        "status": "open",
        "studyId": "MOCK-STUDY-1",
        "subjectId": "MOCK-SUB-001",
        "title": "Prepare invoice for ECG on Visit 3",
        "visitName": "Visit 3",
      },
    ],
    "summary": {
      "byActionType": {
        "prepare_invoice": 2,
        "resolve_claim_issue": 1,
      },
      "byOwnerRole": {
        "billing": 2,
        "site_manager": 1,
      },
      "totalHighPriority": 1,
      "totalMissingAmount": 180,
      "totalOpen": 3,
    },
  },
  "ok": true,
}
`;
